// Jest Snapshot v1, https://goo.gl/fbAQLP

exports[`Counter component should match exact snapshot 1`] = `
<div>
  <div>
    <div
      data-tid="backButton"
    >
      <a
        href="/"
        onClick={[Function]}
      >
        Home
      </a>
    </div>
    <div
      className="counter"
      data-tid="counter"
    >
      1
    </div>
    <div>
      <button
        data-tclass="btn"
        onClick={[Function]}
      >
        +
      </button>
      <button
        data-tclass="btn"
        onClick={[Function]}
      >
        -
      </button>
      <button
        data-tclass="btn"
        onClick={[Function]}
      >
        odd
      </button>
      <button
        data-tclass="btn"
        onClick={[Function]}
      >
        async
      </button>
    </div>
  </div>
</div>
`;
